[    0.000000] Initializing cgroup subsys cpuset
[    0.000000] Initializing cgroup subsys cpu
[    0.000000] Initializing cgroup subsys cpuacct
[    0.000000] Linux version 4.4.0-89-generic (buildd@lgw01-18) (gcc version 5.4.0 20160609 (Ubuntu 5.4.0-6ubuntu1~16.04.4) ) #112-Ubuntu SMP Mon Jul 31 19:38:41 UTC 2017 (Ubuntu 4.4.0-89.112-generic 4.4.76)
[    0.000000] Command line: BOOT_IMAGE=/boot/vmlinuz-4.4.0-89-generic root=LABEL=cloudimg-rootfs ro console=tty1 console=ttyS0
[    0.000000] KERNEL supported cpus:
[    0.000000]   Intel GenuineIntel
[    0.000000]   AMD AuthenticAMD
[    0.000000]   Centaur CentaurHauls
[    0.000000] x86/fpu: xstate_offset[2]:  576, xstate_sizes[2]:  256
[    0.000000] x86/fpu: Supporting XSAVE feature 0x01: 'x87 floating point registers'
[    0.000000] x86/fpu: Supporting XSAVE feature 0x02: 'SSE registers'
[    0.000000] x86/fpu: Supporting XSAVE feature 0x04: 'AVX registers'
[    0.000000] x86/fpu: Enabled xstate features 0x7, context size is 832 bytes, using 'standard' format.
[    0.000000] x86/fpu: Using 'lazy' FPU context switches.
[    0.000000] e820: BIOS-provided physical RAM map:
[    0.000000] BIOS-e820: [mem 0x0000000000000000-0x000000000009fbff] usable
[    0.000000] BIOS-e820: [mem 0x000000000009fc00-0x000000000009ffff] reserved
[    0.000000] BIOS-e820: [mem 0x00000000000f0000-0x00000000000fffff] reserved
[    0.000000] BIOS-e820: [mem 0x0000000000100000-0x000000003ffeffff] usable
[    0.000000] BIOS-e820: [mem 0x000000003fff0000-0x000000003fffffff] ACPI data
[    0.000000] BIOS-e820: [mem 0x00000000fec00000-0x00000000fec00fff] reserved
[    0.000000] BIOS-e820: [mem 0x00000000fee00000-0x00000000fee00fff] reserved
[    0.000000] BIOS-e820: [mem 0x00000000fffc0000-0x00000000ffffffff] reserved
[    0.000000] NX (Execute Disable) protection: active
[    0.000000] SMBIOS 2.5 present.
[    0.000000] Hypervisor detected: KVM
[    0.000000] e820: last_pfn = 0x3fff0 max_arch_pfn = 0x400000000
[    0.000000] MTRR: Disabled
[    0.000000] x86/PAT: MTRRs disabled, skipping PAT initialization too.
[    0.000000] x86/PAT: Configuration [0-7]: WB  WT  UC- UC  WB  WT  UC- UC  
[    0.000000] CPU MTRRs all blank - virtualized system.
[    0.000000] found SMP MP-table at [mem 0x0009fff0-0x0009ffff] mapped at [ffff88000009fff0]
[    0.000000] Scanning 1 areas for low memory corruption
[    0.000000] RAMDISK: [mem 0x36ac4000-0x37559fff]
[    0.000000] ACPI: Early table checksum verification disabled
[    0.000000] ACPI: RSDP 0x00000000000E0000 000024 (v02 VBOX  )
[    0.000000] ACPI: XSDT 0x000000003FFF0030 00003C (v01 VBOX   VBOXXSDT 00000001 ASL  00000061)
[    0.000000] ACPI: FACP 0x000000003FFF00F0 0000F4 (v04 VBOX   VBOXFACP 00000001 ASL  00000061)
[    0.000000] ACPI: DSDT 0x000000003FFF0470 0021C8 (v02 VBOX   VBOXBIOS 00000002 INTL 20100528)
[    0.000000] ACPI: FACS 0x000000003FFF0200 000040
[    0.000000] ACPI: FACS 0x000000003FFF0200 000040
[    0.000000] ACPI: APIC 0x000000003FFF0240 00005C (v02 VBOX   VBOXAPIC 00000001 ASL  00000061)
[    0.000000] ACPI: SSDT 0x000000003FFF02A0 0001CC (v01 VBOX   VBOXCPUT 00000002 INTL 20100528)
[    0.000000] No NUMA configuration found
[    0.000000] Faking a node at [mem 0x0000000000000000-0x000000003ffeffff]
[    0.000000] NODE_DATA(0) allocated [mem 0x3ffeb000-0x3ffeffff]
[    0.000000] kvm-clock: Using msrs 4b564d01 and 4b564d00
[    0.000000] kvm-clock: cpu 0, msr 0:3ffe3001, primary cpu clock
[    0.000000] kvm-clock: using sched offset of 3483589696 cycles
[    0.000000] clocksource: kvm-clock: mask: 0xffffffffffffffff max_cycles: 0x1cd42e4dffb, max_idle_ns: 881590591483 ns
[    0.000000] Zone ranges:
[    0.000000]   DMA      [mem 0x0000000000001000-0x0000000000ffffff]
[    0.000000]   DMA32    [mem 0x0000000001000000-0x000000003ffeffff]
[    0.000000]   Normal   empty
[    0.000000]   Device   empty
[    0.000000] Movable zone start for each node
[    0.000000] Early memory node ranges
[    0.000000]   node   0: [mem 0x0000000000001000-0x000000000009efff]
[    0.000000]   node   0: [mem 0x0000000000100000-0x000000003ffeffff]
[    0.000000] Initmem setup node 0 [mem 0x0000000000001000-0x000000003ffeffff]
[    0.000000] ACPI: PM-Timer IO Port: 0x4008
[    0.000000] IOAPIC[0]: apic_id 2, version 32, address 0xfec00000, GSI 0-23
[    0.000000] ACPI: INT_SRC_OVR (bus 0 bus_irq 0 global_irq 2 dfl dfl)
[    0.000000] ACPI: INT_SRC_OVR (bus 0 bus_irq 9 global_irq 9 high level)
[    0.000000] Using ACPI (MADT) for SMP configuration information
[    0.000000] smpboot: Allowing 2 CPUs, 0 hotplug CPUs
[    0.000000] PM: Registered nosave memory: [mem 0x00000000-0x00000fff]
[    0.000000] PM: Registered nosave memory: [mem 0x0009f000-0x0009ffff]
[    0.000000] PM: Registered nosave memory: [mem 0x000a0000-0x000effff]
[    0.000000] PM: Registered nosave memory: [mem 0x000f0000-0x000fffff]
[    0.000000] e820: [mem 0x40000000-0xfebfffff] available for PCI devices
[    0.000000] Booting paravirtualized kernel on KVM
[    0.000000] clocksource: refined-jiffies: mask: 0xffffffff max_cycles: 0xffffffff, max_idle_ns: 7645519600211568 ns
[    0.000000] setup_percpu: NR_CPUS:512 nr_cpumask_bits:512 nr_cpu_ids:2 nr_node_ids:1
[    0.000000] PERCPU: Embedded 33 pages/cpu @ffff88003fc00000 s98264 r8192 d28712 u1048576
[    0.000000] PV qspinlock hash table entries: 256 (order: 0, 4096 bytes)
[    0.000000] Built 1 zonelists in Node order, mobility grouping on.  Total pages: 257913
[    0.000000] Policy zone: DMA32
[    0.000000] Kernel command line: BOOT_IMAGE=/boot/vmlinuz-4.4.0-89-generic root=LABEL=cloudimg-rootfs ro console=tty1 console=ttyS0
[    0.000000] PID hash table entries: 4096 (order: 3, 32768 bytes)
[    0.000000] Memory: 1001736K/1048120K available (8474K kernel code, 1294K rwdata, 3984K rodata, 1488K init, 1316K bss, 46384K reserved, 0K cma-reserved)
[    0.000000] SLUB: HWalign=64, Order=0-3, MinObjects=0, CPUs=2, Nodes=1
[    0.000000] Hierarchical RCU implementation.
[    0.000000] 	Build-time adjustment of leaf fanout to 64.
[    0.000000] 	RCU restricting CPUs from NR_CPUS=512 to nr_cpu_ids=2.
[    0.000000] RCU: Adjusting geometry for rcu_fanout_leaf=64, nr_cpu_ids=2
[    0.000000] NR_IRQS:33024 nr_irqs:440 16
[    0.000000] Console: colour VGA+ 80x25
[    0.000000] console [tty1] enabled
[    0.000000] console [ttyS0] enabled
[    0.000000] tsc: Detected 3497.974 MHz processor
[    1.037240] Calibrating delay loop (skipped) preset value.. 6995.94 BogoMIPS (lpj=13991896)
[    1.055483] pid_max: default: 32768 minimum: 301
[    1.107591] ACPI: Core revision 20150930
[    1.120287] ACPI: 2 ACPI AML tables successfully acquired and loaded
[    1.156032] Security Framework initialized
[    1.158377] Yama: becoming mindful.
[    1.170580] AppArmor: AppArmor initialized
[    1.177480] Dentry cache hash table entries: 131072 (order: 8, 1048576 bytes)
[    1.187072] Inode-cache hash table entries: 65536 (order: 7, 524288 bytes)
[    1.194841] Mount-cache hash table entries: 2048 (order: 2, 16384 bytes)
[    1.202371] Mountpoint-cache hash table entries: 2048 (order: 2, 16384 bytes)
[    1.221297] Initializing cgroup subsys io
[    1.231032] Initializing cgroup subsys memory
[    1.243337] Initializing cgroup subsys devices
[    1.246423] Initializing cgroup subsys freezer
[    1.247606] Initializing cgroup subsys net_cls
[    1.254054] Initializing cgroup subsys perf_event
[    1.264949] Initializing cgroup subsys net_prio
[    1.266713] Initializing cgroup subsys hugetlb
[    1.270038] Initializing cgroup subsys pids
[    1.270803] CPU: Physical Processor ID: 0
[    1.286558] CPU: Processor Core ID: 0
[    1.288195] mce: CPU supports 0 MCE banks
[    1.298619] Last level iTLB entries: 4KB 1024, 2MB 1024, 4MB 1024
[    1.312346] Last level dTLB entries: 4KB 1024, 2MB 1024, 4MB 1024, 1GB 4
[    1.342000] Freeing SMP alternatives memory: 32K (ffffffff820b9000 - ffffffff820c1000)
[    1.367374] ftrace: allocating 32131 entries in 126 pages
[    1.409518] smpboot: APIC(0) Converting physical 0 to logical package 0
[    1.424689] smpboot: Max logical packages: 1
[    1.431368] x2apic enabled
[    1.482707] Switched APIC routing to physical x2apic.
[    1.505018] ..TIMER: vector=0x30 apic1=0 pin1=2 apic2=-1 pin2=-1
[    1.629546] smpboot: CPU0: Intel(R) Core(TM) i5-4690K CPU @ 3.50GHz (family: 0x6, model: 0x3c, stepping: 0x3)
[    1.655610] Performance Events: unsupported p6 CPU model 60 no PMU driver, software events only.
[    1.670974] KVM setup paravirtual spinlock
[    1.674071] x86: Booting SMP configuration:
[    1.681651] .... node  #0, CPUs:      #1
[    1.705030] kvm-clock: cpu 1, msr 0:3ffe3041, secondary cpu clock
[    1.707890] mce: CPU supports 0 MCE banks
[    1.739707] x86: Booted up 1 node, 2 CPUs
[    1.751663] smpboot: Total of 2 processors activated (13991.89 BogoMIPS)
[    1.782446] devtmpfs: initialized
[    1.814154] evm: security.selinux
[    1.820615] evm: security.SMACK64
[    1.864038] evm: security.SMACK64EXEC
[    1.870433] evm: security.SMACK64TRANSMUTE
[    1.879614] evm: security.SMACK64MMAP
[    1.905233] evm: security.ima
[    1.913694] evm: security.capability
[    1.937586] clocksource: jiffies: mask: 0xffffffff max_cycles: 0xffffffff, max_idle_ns: 7645041785100000 ns
[    1.952164] futex hash table entries: 512 (order: 3, 32768 bytes)
[    1.973562] pinctrl core: initialized pinctrl subsystem
[    2.003202] RTC time: 23:49:13, date: 08/15/17
[    2.009987] NET: Registered protocol family 16
[    2.027132] cpuidle: using governor ladder
[    2.046635] cpuidle: using governor menu
[    2.061810] PCCT header not found.
[    2.062727] ACPI: bus type PCI registered
[    2.088696] acpiphp: ACPI Hot Plug PCI Controller Driver version: 0.5
[    2.092149] PCI: Using configuration type 1 for base access
[    2.126659] ACPI: Added _OSI(Module Device)
[    2.139448] ACPI: Added _OSI(Processor Device)
[    2.140238] ACPI: Added _OSI(3.0 _SCP Extensions)
[    2.151136] ACPI: Added _OSI(Processor Aggregator Device)
[    2.154020] ACPI: Executed 1 blocks of module-level executable AML code
[    2.157121] ACPI: Interpreter enabled
[    2.165505] ACPI: (supports S0 S5)
[    2.176676] ACPI: Using IOAPIC for interrupt routing
[    2.204511] PCI: Using host bridge windows from ACPI; if necessary, use "pci=nocrs" and report a bug
[    2.211526] ACPI: PCI Root Bridge [PCI0] (domain 0000 [bus 00-ff])
[    2.218425] acpi PNP0A03:00: _OSC: OS supports [ASPM ClockPM Segments MSI]
[    2.232488] acpi PNP0A03:00: _OSC failed (AE_NOT_FOUND); disabling ASPM
[    2.279011] acpi PNP0A03:00: fail to add MMCONFIG information, can't access extended PCI configuration space under this bridge.
[    2.304812] PCI host bridge to bus 0000:00
[    2.327596] pci_bus 0000:00: root bus resource [io  0x0000-0x0cf7 window]
[    2.340320] pci_bus 0000:00: root bus resource [io  0x0d00-0xffff window]
[    2.346749] pci_bus 0000:00: root bus resource [mem 0x000a0000-0x000bffff window]
[    2.364764] pci_bus 0000:00: root bus resource [mem 0x40000000-0xffdfffff window]
[    2.383736] pci_bus 0000:00: root bus resource [bus 00-ff]
[    2.404504] pci 0000:00:01.1: legacy IDE quirk: reg 0x10: [io  0x01f0-0x01f7]
[    2.415989] pci 0000:00:01.1: legacy IDE quirk: reg 0x14: [io  0x03f6]
[    2.417120] pci 0000:00:01.1: legacy IDE quirk: reg 0x18: [io  0x0170-0x0177]
[    2.428549] pci 0000:00:01.1: legacy IDE quirk: reg 0x1c: [io  0x0376]
[    2.461270] pci 0000:00:07.0: quirk: [io  0x4000-0x403f] claimed by PIIX4 ACPI
[    2.503767] pci 0000:00:07.0: quirk: [io  0x4100-0x410f] claimed by PIIX4 SMB
[    2.515166] ACPI: PCI Interrupt Link [LNKA] (IRQs 5 9 10 *11)
[    2.552458] ACPI: PCI Interrupt Link [LNKB] (IRQs 5 9 10 *11)
[    2.558353] ACPI: PCI Interrupt Link [LNKC] (IRQs 5 9 *10 11)
[    2.574516] ACPI: PCI Interrupt Link [LNKD] (IRQs 5 *9 10 11)
[    2.613115] ACPI: Enabled 2 GPEs in block 00 to 07
[    2.620173] vgaarb: setting as boot device: PCI:0000:00:02.0
[    2.621230] vgaarb: device added: PCI:0000:00:02.0,decodes=io+mem,owns=io+mem,locks=none
[    2.631030] vgaarb: loaded
[    2.650447] vgaarb: bridge control possible 0000:00:02.0
[    2.659003] SCSI subsystem initialized
[    2.688247] ACPI: bus type USB registered
[    2.728570] usbcore: registered new interface driver usbfs
[    2.731918] usbcore: registered new interface driver hub
[    2.738526] usbcore: registered new device driver usb
[    2.740505] PCI: Using ACPI for IRQ routing
[    2.753485] NetLabel: Initializing
[    2.754327] NetLabel:  domain hash size = 128
[    2.792657] NetLabel:  protocols = UNLABELED CIPSOv4
[    2.840449] NetLabel:  unlabeled traffic allowed by default
[    2.854885] amd_nb: Cannot enumerate AMD northbridges
[    2.920144] clocksource: Switched to clocksource kvm-clock
[    2.942263] AppArmor: AppArmor Filesystem Enabled
[    2.964686] pnp: PnP ACPI init
[    2.976849] pnp: PnP ACPI: found 3 devices
[    2.988396] clocksource: acpi_pm: mask: 0xffffff max_cycles: 0xffffff, max_idle_ns: 2085701024 ns
[    3.005223] NET: Registered protocol family 2
[    3.021375] TCP established hash table entries: 8192 (order: 4, 65536 bytes)
[    3.029819] TCP bind hash table entries: 8192 (order: 5, 131072 bytes)
[    3.030703] TCP: Hash tables configured (established 8192 bind 8192)
[    3.033297] UDP hash table entries: 512 (order: 2, 16384 bytes)
[    3.040237] UDP-Lite hash table entries: 512 (order: 2, 16384 bytes)
[    3.047351] NET: Registered protocol family 1
[    3.053402] pci 0000:00:00.0: Limiting direct PCI/PCI transfers
[    3.054789] pci 0000:00:01.0: Activating ISA DMA hang workarounds
[    3.082108] Unpacking initramfs...
[    4.992724] Freeing initrd memory: 10840K (ffff880036ac4000 - ffff88003755a000)
[    5.000205] RAPL PMU detected, API unit is 2^-32 Joules, 4 fixed counters 10737418240 ms ovfl timer
[    5.011864] hw unit of domain pp0-core 2^-0 Joules
[    5.051579] hw unit of domain package 2^-0 Joules
[    5.080643] hw unit of domain dram 2^-0 Joules
[    5.103125] hw unit of domain pp1-gpu 2^-0 Joules
[    5.120905] platform rtc_cmos: registered platform RTC device (no PNP device found)
[    5.130751] Scanning for low memory corruption every 60 seconds
[    5.153131] audit: initializing netlink subsys (disabled)
[    5.214084] audit: type=2000 audit(1502840959.311:1): initialized
[    5.261972] Initialise system trusted keyring
[    5.287150] HugeTLB registered 2 MB page size, pre-allocated 0 pages
[    5.289653] zbud: loaded
[    5.301061] VFS: Disk quotas dquot_6.6.0
[    5.321790] VFS: Dquot-cache hash table entries: 512 (order 0, 4096 bytes)
[    5.323080] squashfs: version 4.0 (2009/01/31) Phillip Lougher
[    5.343901] fuse init (API version 7.23)
[    5.364761] Key type big_key registered
[    5.400792] Allocating IMA MOK and blacklist keyrings.
[    5.403652] Key type asymmetric registered
[    5.436494] Asymmetric key parser 'x509' registered
[    5.473143] Block layer SCSI generic (bsg) driver version 0.4 loaded (major 249)
[    5.496430] io scheduler noop registered
[    5.505429] io scheduler deadline registered (default)
[    5.530227] io scheduler cfq registered
[    5.530872] pci_hotplug: PCI Hot Plug PCI Core version: 0.5
[    5.552473] pciehp: PCI Express Hot Plug Controller Driver version: 0.4
[    5.571555] ACPI: AC Adapter [AC] (on-line)
[    5.581059] input: Power Button as /devices/LNXSYSTM:00/LNXPWRBN:00/input/input0
[    5.603184] ACPI: Power Button [PWRF]
[    5.604489] input: Sleep Button as /devices/LNXSYSTM:00/LNXSLPBN:00/input/input1
[    5.639375] ACPI: Sleep Button [SLPF]
[    5.660941] GHES: HEST is not enabled!
[    5.661464] ACPI: Battery Slot [BAT0] (battery present)
[    5.675335] Serial: 8250/16550 driver, 32 ports, IRQ sharing enabled
[    5.716846] 00:02: ttyS0 at I/O 0x3f8 (irq = 4, base_baud = 115200) is a 16550A
[    5.757753] Linux agpgart interface v0.103
[    5.773719] loop: module loaded
[    5.800671] scsi host0: ata_piix
[    5.803041] scsi host1: ata_piix
[    5.803884] ata1: PATA max UDMA/33 cmd 0x1f0 ctl 0x3f6 bmdma 0xd000 irq 14
[    5.812380] ata2: PATA max UDMA/33 cmd 0x170 ctl 0x376 bmdma 0xd008 irq 15
[    5.816879] libphy: Fixed MDIO Bus: probed
[    5.829812] tun: Universal TUN/TAP device driver, 1.6
[    5.832499] tun: (C) 1999-2004 Max Krasnyansky <maxk@qualcomm.com>
[    5.850854] PPP generic driver version 2.4.2
[    5.853991] ehci_hcd: USB 2.0 'Enhanced' Host Controller (EHCI) Driver
[    5.881620] ehci-pci: EHCI PCI platform driver
[    5.886864] ehci-platform: EHCI generic platform driver
[    5.888027] ohci_hcd: USB 1.1 'Open' Host Controller (OHCI) Driver
[    5.903579] ohci-pci: OHCI PCI platform driver
[    5.904790] ohci-platform: OHCI generic platform driver
[    5.919831] uhci_hcd: USB Universal Host Controller Interface driver
[    5.921454] i8042: PNP: PS/2 Controller [PNP0303:PS2K,PNP0f03:PS2M] at 0x60,0x64 irq 1,12
[    5.958933] serio: i8042 KBD port at 0x60,0x64 irq 1
[    5.965086] serio: i8042 AUX port at 0x60,0x64 irq 12
[    5.967130] mousedev: PS/2 mouse device common for all mice
[    5.988619] rtc_cmos rtc_cmos: rtc core: registered rtc_cmos as rtc0
[    6.014646] input: AT Translated Set 2 keyboard as /devices/platform/i8042/serio0/input/input2
[    6.017316] rtc_cmos rtc_cmos: alarms up to one day, 114 bytes nvram
[    6.035109] i2c /dev entries driver
[    6.064596] device-mapper: uevent: version 1.0.3
[    6.081277] device-mapper: ioctl: 4.34.0-ioctl (2015-10-28) initialised: dm-devel@redhat.com
[    6.121209] tsc: Refined TSC clocksource calibration: 3496.857 MHz
[    6.121211] clocksource: tsc: mask: 0xffffffffffffffff max_cycles: 0x3267b7ff128, max_idle_ns: 440795367665 ns
[    6.167505] ledtrig-cpu: registered to indicate activity on CPUs
[    6.188996] NET: Registered protocol family 10
[    6.202433] NET: Registered protocol family 17
[    6.204202] Key type dns_resolver registered
[    6.247498] microcode: CPU0 sig=0x306c3, pf=0x40, revision=0x0
[    6.262697] microcode: CPU1 sig=0x306c3, pf=0x40, revision=0x0
[    6.263613] microcode: Microcode Update Driver: v2.01 <tigran@aivazian.fsnet.co.uk>, Peter Oruba
[    6.293352] registered taskstats version 1
[    6.304683] Loading compiled-in X.509 certificates
[    6.340581] Loaded X.509 cert 'Build time autogenerated kernel key: 420a71e958a947963108b13c1c2e45412a03ca90'
[    6.358952] zswap: loaded using pool lzo/zbud
[    6.360906] Key type trusted registered
[    6.373676] Key type encrypted registered
[    6.408199] AppArmor: AppArmor sha1 policy hashing enabled
[    6.412011] ima: No TPM chip found, activating TPM-bypass!
[    6.413169] evm: HMAC attrs: 0x1
[    6.420216]   Magic number: 13:368:858
[    6.437053] rtc_cmos rtc_cmos: setting system clock to 2017-08-15 23:49:17 UTC (1502840957)
[    6.439194] BIOS EDD facility v0.16 2004-Jun-25, 0 devices found
[    6.448042] EDD information not available.
[    6.453481] Freeing unused kernel memory: 1488K (ffffffff81f45000 - ffffffff820b9000)
[    6.475122] Write protecting the kernel read-only data: 14336k
[    6.496770] Freeing unused kernel memory: 1752K (ffff88000184a000 - ffff880001a00000)
[    6.536778] Freeing unused kernel memory: 112K (ffff880001de4000 - ffff880001e00000)
Loading, please wait...
starting version[    6.591796] random: systemd-udevd: uninitialized urandom read (16 bytes read, 3 bits of entropy available)
 229
[    6.592464] random: udevadm: uninitialized urandom read (16 bytes read, 3 bits of entropy available)
[    6.592492] random: udevadm: uninitialized urandom read (16 bytes read, 3 bits of entropy available)
[    6.592577] random: udevadm: uninitialized urandom read (16 bytes read, 3 bits of entropy available)
[    6.592625] random: udevadm: uninitialized urandom read (16 bytes read, 3 bits of entropy available)
[    6.592654] random: udevadm: uninitialized urandom read (16 bytes read, 3 bits of entropy available)
[    6.592683] random: udevadm: uninitialized urandom read (16 bytes read, 3 bits of entropy available)
[    6.592710] random: udevadm: uninitialized urandom read (16 bytes read, 3 bits of entropy available)
[    6.592737] random: udevadm: uninitialized urandom read (16 bytes read, 3 bits of entropy available)
[    6.592763] random: udevadm: uninitialized urandom read (16 bytes read, 3 bits of entropy available)
[    6.885760] e1000: Intel(R) PRO/1000 Network Driver - version 7.3.21-k8-NAPI
[    6.900778] e1000: Copyright (c) 1999-2006 Intel Corporation.
[    6.927710] Fusion MPT base driver 3.04.20
[    6.937837] Copyright (c) 1999-2008 LSI Corporation
[    6.967634] Fusion MPT SPI Host driver 3.04.20
[    6.980844] AVX version of gcm_enc/dec engaged.
[    6.995164] AES CTR mode by8 optimization enabled
[    7.165254] input: ImExPS/2 Generic Explorer Mouse as /devices/platform/i8042/serio1/input/input4
[    7.343123] e1000 0000:00:03.0 eth0: (PCI:33MHz:32-bit) 02:c0:e2:3c:71:11
[    7.353889] e1000 0000:00:03.0 eth0: Intel(R) PRO/1000 Network Connection
[    7.361900] mptbase: ioc0: Initiating bringup
[    7.372025] e1000 0000:00:03.0 enp0s3: renamed from eth0
[    7.432307] ioc0: LSI53C1030 A0: Capabilities={Initiator}
[    7.613375] scsi host2: ioc0: LSI53C1030 A0, FwRev=00000000h, Ports=1, MaxQ=256, IRQ=20
[    7.756655] scsi 2:0:0:0: Direct-Access     VBOX     HARDDISK         1.0  PQ: 0 ANSI: 5
[    7.812937] scsi target2:0:0: Beginning Domain Validation
[    7.821761] scsi target2:0:0: Domain Validation skipping write tests
[    7.860154] scsi target2:0:0: Ending Domain Validation
[    7.860999] scsi target2:0:0: asynchronous
[    7.902651] scsi 2:0:1:0: Direct-Access     VBOX     HARDDISK         1.0  PQ: 0 ANSI: 5
[    7.921639] scsi target2:0:1: Beginning Domain Validation
[    7.924543] scsi target2:0:1: Domain Validation skipping write tests
[    7.942691] scsi target2:0:1: Ending Domain Validation
[    7.958195] scsi target2:0:1: asynchronous
[    7.993522] sd 2:0:0:0: [sda] 20971520 512-byte logical blocks: (10.7 GB/10.0 GiB)
[    7.993684] sd 2:0:0:0: Attached scsi generic sg0 type 0
[    7.993973] sd 2:0:1:0: Attached scsi generic sg1 type 0
[    7.994125] sd 2:0:1:0: [sdb] 20480 512-byte logical blocks: (10.5 MB/10.0 MiB)
[    7.994208] sd 2:0:1:0: [sdb] Write Protect is off
[    7.994261] sd 2:0:1:0: [sdb] Incomplete mode parameter data
[    7.994261] sd 2:0:1:0: [sdb] Assuming drive cache: write through
[    8.000583] sd 2:0:1:0: [sdb] Attached SCSI disk
[    8.060452] sd 2:0:0:0: [sda] Write Protect is off
[    8.091382] sd 2:0:0:0: [sda] Incomplete mode parameter data
[    8.118185] sd 2:0:0:0: [sda] Assuming drive cache: write through
[    8.123402]  sda: sda1
[    8.144655] sd 2:0:0:0: [sda] Attached SCSI disk
[    9.952780] floppy0: no floppy controllers found
Begin: Loading e[   11.268699] md: linear personality registered for level -1
ssential drivers ... [   11.310156] md: multipath personality registered for level -4
[   11.349579] md: raid0 personality registered for level 0
[   11.361492] md: raid1 personality registered for level 1
[   11.444290] raid6: sse2x1   gen()  8454 MB/s
[   11.512428] raid6: sse2x1   xor()  4852 MB/s
[   11.580450] raid6: sse2x2   gen()  7520 MB/s
[   11.656249] raid6: sse2x2   xor()  6767 MB/s
[   11.724263] raid6: sse2x4   gen() 12106 MB/s
[   11.792484] raid6: sse2x4   xor()  9067 MB/s
[   11.805132] raid6: using algorithm sse2x4 gen() 12106 MB/s
[   11.807077] raid6: .... xor() 9067 MB/s, rmw enabled
[   11.834373] raid6: using ssse3x2 recovery algorithm
[   11.839710] xor: automatically using best checksumming function:
[   11.892472]    avx       : 22926.000 MB/sec
[   11.903228] async_tx: api initialized (async)
[   11.913622] md: raid6 personality registered for level 6
[   11.920118] md: raid5 personality registered for level 5
[   11.934102] md: raid4 personality registered for level 4
[   11.946780] md: raid10 personality registered for level 10
done.
Begin: Running /scripts/init-premount ... done.
Begin: Mounting root file system ... Begin: Running /scripts/local-top ... done.
Begin: Running /scripts/loc[   11.983460] Btrfs loaded
al-premount ... Scanning for Btrfs filesystems
done.
Warning: fsck no[   12.033899] EXT4-fs (sda1): mounted filesystem with ordered data mode. Opts: (null)
t present, so skipping root file system
done.
Begin: Running /scripts/local-bottom ... done.
Begin: Running /scripts/init-bottom ... done.
[   12.211451] systemd[1]: systemd 229 running in system mode. (+PAM +AUDIT +SELINUX +IMA +APPARMOR +SMACK +SYSVINIT +UTMP +LIBCRYPTSETUP +GCRYPT +GNUTLS +ACL +XZ -LZ4 +SECCOMP +BLKID +ELFUTILS +KMOD -IDN)
[   12.227996] systemd[1]: Detected virtualization oracle.
[   12.238510] systemd[1]: Detected architecture x86-64.

Welcome to [1mUbuntu 16.04.3 LTS[0m!

[   12.255861] systemd[1]: Set hostname to <ubuntu-xenial>.
[   12.392562] systemd[1]: Listening on Journal Socket.
[[0;32m  OK  [0m] Listening on Journal Socket.
[   12.432592] systemd[1]: Listening on udev Control Socket.
[[0;32m  OK  [0m] Listening on udev Control Socket.
[   12.479666] systemd[1]: Listening on Journal Audit Socket.
[[0;32m  OK  [0m] Listening on Journal Audit Socket.
[   12.522857] systemd[1]: Listening on udev Kernel Socket.
[[0;32m  OK  [0m] Listening on udev Kernel Socket.
[   12.594283] systemd[1]: Reached target User and Group Name Lookups.
[[0;32m  OK  [0m] Reached target User and Group Name Lookups.
[   12.634107] systemd[1]: Created slice User and Session Slice.
[[0;32m  OK  [0m] Created slice User and Session Slice.
[   12.664399] systemd[1]: Listening on /dev/initctl Compatibility Named Pipe.
[[0;32m  OK  [0m] Listening on /dev/initctl Compatibility Named Pipe.
[   12.728700] systemd[1]: Created slice System Slice.
[[0;32m  OK  [0m] Created slice System Slice.
[   12.784596] systemd[1]: Starting Load Kernel Modules...
         Starting Load Kernel Modules...[   12.817726] Loading iSCSI transport class v2.0-870.

[   12.823347] systemd[1]: Mounting Debug File System...
         Mounting Debug File System...
[   12.845532] iscsi: registered transport (tcp)
[   12.873836] systemd[1]: Starting Set console keymap...
         Starting Set console keymap...
[   12.917418] systemd[1]: Mounting POSIX Message Queue File System...
         Mounting POSIX Message [   12.956097] iscsi: registered transport (iser)
Queue File System...
[   12.996605] systemd[1]: Starting Create list of required static device nodes for the current kernel...
         Starting Create list of required st... nodes for the current kernel...
[   13.020151] systemd[1]: Listening on Syslog Socket.
[[0;32m  OK  [0m] Listening on Syslog Socket.
[   13.034481] systemd[1]: Listening on Device-mapper event daemon FIFOs.
[[0;32m  OK  [0m] Listening on Device-mapper event daemon FIFOs.
[   13.068805] systemd[1]: Reached target Slices.
[[0;32m  OK  [0m] Reached target Slices.
[   13.104693] systemd[1]: Starting Uncomplicated firewall...
         Starting Uncomplicated firewall...
[   13.168712] systemd[1]: Mounting Huge Pages File System...
         Mounting Huge Pages File System...
[   13.198688] systemd[1]: Starting Remount Root and Kernel File Systems...
[   13.201556] EXT4-fs (sda1): re-mounted. Opts: (null)
         Starting Remount Root and Kernel File Systems...
[   13.259530] systemd[1]: Set up automount Arbitrary Executable File Formats File System Automount Point.
[[0;32m  OK  [0m] Set up automount Arbitrary Executab...ats File System Automount Point.
[   13.338427] systemd[1]: Starting Nameserver information manager...
         Starting Nameserver information manager...
[   13.412488] systemd[1]: Reached target Swap.
[[0;32m  OK  [0m] Reached target Swap.
[   13.445169] systemd[1]: Listening on Journal Socket (/dev/log).
[[0;32m  OK  [0m] Listening on Journal Socket (/dev/log).
[   13.484688] systemd[1]: Started Trigger resolvconf update for networkd DNS.
[[0;32m  OK  [0m] Started Trigger resolvconf update for networkd DNS.
[   13.550345] systemd[1]: Listening on LVM2 poll daemon socket.
[[0;32m  OK  [0m] Listening on LVM2 poll daemon socket.
[   13.589178] systemd[1]: Created slice system-serial\x2dgetty.slice.
[[0;32m  OK  [0m] Created slice system-serial\x2dgetty.slice.
[   13.625383] systemd[1]: Reached target Encrypted Volumes.
[[0;32m  OK  [0m] Reached target Encrypted Volumes.
[   13.652631] systemd[1]: Started Forward Password Requests to Wall Directory Watch.
[[0;32m  OK  [0m] Started Forward Password Requests to Wall Directory Watch.
[   13.704602] systemd[1]: Starting Journal Service...
[   13.705277] random: nonblocking pool is initialized
         Starting Journal Service...
[   13.740737] systemd[1]: Listening on LVM2 metadata daemon socket.
[[0;32m  OK  [0m] Listening on LVM2 metadata daemon socket.
[   13.796574] systemd[1]: Starting Monitoring of LVM2 mirrors, snapshots etc. using dmeventd or progress polling...
         Starting Monitoring of LVM2 mirrors... dmeventd or progress polling...
[   13.850687] systemd[1]: Mounted POSIX Message Queue File System.
[[0;32m  OK  [0m] Mounted POSIX Message Queue File System.
[   13.889001] systemd[1]: Mounted Huge Pages File System.
[[0;32m  OK  [0m] Mounted Huge Pages File System.
[   13.908473] systemd[1]: Mounted Debug File System.
[[0;32m  OK  [0m] Mounted Debug File System.
[   13.933553] systemd[1]: Started Journal Service.
[[0;32m  OK  [0m] Started Journal Service.
[[0;32m  OK  [0m] Started Load Kernel Modules.
[[0;32m  OK  [0m] Started Set console keymap.
[[0;32m  OK  [0m] Started Create list of required sta...ce nodes for the current kernel.
[[0;32m  OK  [0m] Started Uncomplicated firewall.
[[0;32m  OK  [0m] Started Remount Root and Kernel File Systems.
[[0;32m  OK  [0m] Started Nameserver information manager.
[[0;32m  OK  [0m] Started LVM2 metadata daemon.
         Starting Load/Save Random Seed...
         Starting udev Coldplug all Devices...
         Starting Initial cloud-init job (pre-networking)...
         Starting Create Static Device Nodes in /dev...
         Mounting FUSE Control File System...
         Starting Apply Kernel Variables...
         Starting Flush Journal to Persistent Storage...
[[0;32m  OK  [0m] Mounted FUSE Control File System.
[[0;32m  OK  [0m] Started Load/Save Random Seed.
[[0;32m  OK  [0m] Started Monitoring of LVM2 mirrors,...ng dmeventd or progress polling.
[[0;32m  OK  [0m] Started Create Static Device Nodes in /dev.
[[0;32m  OK  [0m] Started Apply Kernel Variables.
[[0;32m  OK  [0m] Started udev Coldplug all Devices.
[[0;32m  OK  [0m] Started Flush Journal to Persistent Storage.
         Starting udev Kernel Device Manager...
[[0;32m  OK  [0m] Started udev Kernel Device Manager.
[[0;32m  OK  [0m] Reached target Local File Systems (Pre).
[[0;32m  OK  [0m] Reached target Local File Systems.
         Starting Set console font and keymap...
         Starting LSB: AppArmor initialization...
         Starting Tell Plymouth To Write Out Runtime Data...
         Starting Create Volatile Files and Directories...
[[0;32m  OK  [0m] Started Dispatch Password Requests to Console Directory Watch.
[[0;32m  OK  [0m] Started Tell Plymouth To Write Out Runtime Data.
[[0;32m  OK  [0m] Started Create Volatile Files and Directories.
[[0;32m  OK  [0m] Found device /dev/ttyS0.
         Starting Update UTMP about System Boot/Shutdown...
[[0;32m  OK  [0m] Reached target System Time Synchronized.
[[0;32m  OK  [0m] Started Update UTMP about System Boot/Shutdown.
[[0;32m  OK  [0m] Started LSB: AppArmor initialization.
[[0;32m  OK  [0m] Listening on Load/Save RF Kill Switch Status /dev/rfkill Watch.
[[0;32m  OK  [0m] Found device 82540EM Gigabit Ethern...r (PRO/1000 MT Desktop Adapter).
[[0;1;31mFAILED[0m] Failed to start Set console font and keymap.
See 'systemctl status console-setup.service' for details.[   13.682204] 
cloud-init[446]: Cloud-init v. 0.7.9 running 'init-local' at Tue, 15 Aug 2017 23:49:26 +0000. Up 13.17 seconds.
[[0;32m  OK  [0m] Started Initial cloud-init job (pre-networking).
[[0;32m  OK  [0m] Reached target Network (Pre).
[[0;32m  OK  [0m] Started ifup for enp0s3.
         Starting Raise network interfaces...
[[0;32m  OK  [0m] Created slice system-getty.slice.
[[0;32m  OK  [0m] Started Raise network interfaces.
[[0;32m  OK  [0m] Reached target Network.
         Starting Initial cloud-init job (metadata service crawler)...
[   16.412609] cloud-init[931]: Cloud-init v. 0.7.9 running 'init' at Tue, 15 Aug 2017 23:49:29 +0000. Up 16.16 seconds.
[   16.492417] cloud-init[931]: ci-info: +++++++++++++++++++++++++++++++++++++Net device info++++++++++++++++++++++++++++++++++++++
[   16.505406] cloud-init[931]: ci-info: +--------+------+----------------------------+---------------+-------+-------------------+
[   16.528719] cloud-init[931]: ci-info: | Device |  Up  |          Address           |      Mask     | Scope |     Hw-Address    |
[[0;32m  OK  [0m] Started Initial cloud-init job (metadata service crawler).
[[0;32m  OK  [0m] Reached target Network is Online.
[   16.552075] cloud-init[931]: ci-info: +--------+------+----------------------------+---------------+-------+-------------------+
[   16.672926] cloud-init[931]: ci-info: |   lo   | True |         127.0.0.1          |   255.0.0.0   |   .   |         .         |
[   16.688303] cloud-init[931]: ci-info: |   lo   | True |          ::1/128           |       .       |  host |         .         |
         Starting iSCSI initiator daemon (iscsid)...
[[0;32m  OK  [0m] Reached target Cloud-config availability.
[[0;32m  OK  [0m] Reached target System Initialization.
[   16.719998] cloud-init[931]: ci-info: | enp0s3 | True |         10.0.2.15          | 255.255.255.0 |   .   | 02:c0:e2:3c:71:11 |
[   16.818508] cloud-init[931]: ci-info: | enp0s3 | True | fe80::c0:e2ff:fe3c:7111/64 |       .       |  link | 02:c0:e2:3c:71:11 |
[   16.841962] cloud-init[931]: ci-info: +--------+------+----------------------------+---------------+-------+-------------------+[[0;32m  OK  [0m] Started ACPI Events Check.
[[0;32m  OK  [0m] Reached target Paths.
         Starting Socket activation for snappy daemon.

         Starting LXD - unix socket.
[[0;32m  OK  [0m] Listening on D-Bus System Message Bus Socket.
[[0;32m  OK  [0m] Started Daily Cleanup of Temporary Directories.
[[0;32m  OK  [0m] Listening on ACPID Listen Socket.
[[0;32m  OK  [0m] Listening on UUID daemon activation socket.
[   16.924166] cloud-init[931]: ci-info: +++++++++++++++++++++++++++Route IPv4 info++++++++++++++++++++++++++++
[   17.031975] cloud-init[931]: ci-info: +-------+-------------+----------+---------------+-----------+-------+
[   17.092092] cloud-init[931]: ci-info: | Route | Destination | Gateway  |    Genmask    | Interface | Flags |
[   17.114116] cloud-init[931]: ci-info: +-------+-------------+----------+---------------+-----------+-------+
[[0;32m  OK  [0m] Started Daily apt download activities.
[[0;32m  OK  [0m] Started Daily apt upgrade and clean activities.
[[0;32m  OK  [0m] Started Timer to automatically refresh installed snaps.
[[0;32m  OK  [0m] Reached target Timers.
[   17.136093] cloud-init[931]: ci-info: |   0   |   0.0.0.0   | 10.0.2.2 |    0.0.0.0    |   enp0s3  |   UG  |
[[0;32m  OK  [0m] Listening on Socket activation for snappy daemon.
[[0;32m  OK  [0m] Listening on LXD - unix socket.
[[0;32m  OK  [0m] Started iSCSI initiator daemon (iscsid).
[   17.292099] cloud-init[931]: ci-info: |   1   |   10.0.2.0  | 0.0.0.0  | 255.255.255.0 |   enp0s3  |   U   |
[   17.405385] cloud-init[931]: ci-info: +-------+-------------+----------+---------------+-----------+-------+
         Starting Login to default iSCSI targets...
[[0;32m  OK  [0m] Reached target Sockets.
[[0;32m  OK  [0m] Reached target Basic System.
[[0;32m  OK  [0m] Started FUSE filesystem for LXC.
         Starting LSB: Record successful boot for GRUB...
[[0;32m  OK  [0m] Started D-Bus System Message Bus.
         Starting System Logging Service...
[[0;32m  OK  [0m] Started Unattended Upgrades Shutdown.
         Starting Accounts Service...
         Starting LXD - container startup/shutdown...
[[0;32m  OK  [0m] Started Regular background program processing daemon.
         Starting Apply the settings specified in cloud-config...
[[0;32m  OK  [0m] Started ACPI event daemon.
         Starting LSB: MD monitoring daemon...
[[0;32m  OK  [0m] Started Deferred execution scheduler.
         Starting /etc/rc.local Compatibility...
         Starting OpenBSD Secure Shell server...
         Starting Login Service...
[[0;32m  OK  [0m] Started Snappy daemon.
         Starting Auto import assertions from block devices...
[[0;32m  OK  [0m] Started System Logging Service.
[[0;32m  OK  [0m] Started OpenBSD Secure Shell server.
[[0;32m  OK  [0m] Started LXD - container startup/shutdown.
[[0;32m  OK  [0m] Started /etc/rc.local Compatibility.
[[0;32m  OK  [0m] Started Auto import assertions from block devices.
[[0;32m  OK  [0m] Started LSB: Record successful boot for GRUB.
[[0;32m  OK  [0m] Started Login to default iSCSI targets.
[   18.414077] cloud-init[1021]: Cloud-init v. 0.7.9 running 'modules:config' at Tue, 15 Aug 2017 23:49:31 +0000. Up 18.30 seconds.
[[0;32m  OK  [0m] Started LSB: MD monitoring daemon.
[[0;32m  OK  [0m] Started Apply the settings specified in cloud-config.
         Starting Authenticate and Authorize Users to Run Privileged Tasks...
[[0;32m  OK  [0m] Reached target Remote File Systems (Pre).
[[0;32m  OK  [0m] Reached target Remote File Systems.
         Starting LSB: automatic crash report generation...
         Starting LSB: VirtualBox Linux Additions...
         Starting LSB: daemon to balance interrupts for SMP systems...
         Starting Permit User Sessions...
         Starting LSB: Set the CPU Frequency Scaling governor to "ondemand"...
[[0;32m  OK  [0m] Started Permit User Sessions.
[[0;32m  OK  [0m] Started Login Service.
[[0;32m  OK  [0m] Started Authenticate and Authorize Users to Run Privileged Tasks.
[[0;32m  OK  [0m] Started Accounts Service.
         Starting Terminate Plymouth Boot Screen...
         Starting Hold until boot process finishes up...
[[0;32m  OK  [0m] Started LSB: automatic crash report generation.
[[0;32m  OK  [0m] Started LSB: VirtualBox Linux Additions.
[[0;32m  OK  [0m] Started LSB: daemon to balance interrupts for SMP systems.
[[0;32m  OK  [0m] Started LSB: Set the CPU Frequency Scaling governor to "ondemand".
[[0;32m  OK  [0m] Started Terminate Plymouth Boot Screen.
[[0;32m  OK  [0m] Started Hold until boot process finishes up.
[[0;32m  OK  [0m] Started Serial Getty on ttyS0.
         Starting Set console scheme...
[[0;32m  OK  [0m] Started Getty on tty1.
[[0;32m  OK  [0m] Reached target Login Prompts.
[[0;32m  OK  [0m] Reached target Multi-User System.
         Starting Execute cloud user/final scripts...
[[0;32m  OK  [0m] Reached target Graphical Interface.
         Starting Update UTMP about System Runlevel Changes...
[[0;32m  OK  [0m] Started Set console scheme.
[[0;32m  OK  [0m] Started Update UTMP about System Runlevel Changes.
[   19.833506] cloud-init[1162]: Cloud-init v. 0.7.9 running 'modules:final' at Tue, 15 Aug 2017 23:49:33 +0000. Up 19.71 seconds.
[   19.876789] cloud-init[1162]: Cloud-init v. 0.7.9 finished at Tue, 15 Aug 2017 23:49:33 +0000. Datasource DataSourceNoCloud [seed=/dev/sdb][dsmode=net].  Up 19.82 seconds
[[0;32m  OK  [0m] Started Execute cloud user/final scripts.
[[0;32m  OK  [0m] Reached target Cloud-init target.

Ubuntu 16.04.3 LTS ubuntu-xenial ttyS0

ubuntu-xenial login: 